// 重构日志: a8a7bb67
// 重构日志: cce715b4
// 重构日志: 3e0d73de
// 重构日志: 95110aec
// 同步 ID: 75958f37 @ Mon Jul 20 21:11:19 UTC 2026
// 同步 ID: 97ab86d9 @ Tue Jul 21 14:59:01 UTC 2026
// 同步 ID: 7c7320e9 @ Wed Jul 22 03:50:20 UTC 2026
// 重构日志: 25ba4daa
// 同步 ID: 9cfc906c @ Thu Jul 23 04:22:05 UTC 2026
// 同步 ID: 5742bc1c @ Thu Jul 23 06:48:20 UTC 2026
// 同步 ID: b51e385f @ Thu Jul 23 10:11:27 UTC 2026
// 重构日志: 0d7b2fb2
// 同步 ID: 255ab579 @ Fri Jul 24 04:10:53 UTC 2026
// 重构日志: 6ca560cc
// 重构日志: c04c7432
// 重构日志: fd55d31c
// 同步 ID: 40b16be9 @ Sat Jul 25 17:34:58 UTC 2026
// 重构日志: 3327ff1e
// 重构日志: 1cb32019
// 同步 ID: ce614a3d @ Sun Jul 26 08:02:15 UTC 2026
// 重构日志: ffcfcbad
// 重构日志: 8da40f5c
// 重构日志: a41101e5
// 重构日志: 30b33e38
// 重构日志: d106b713
// 重构日志: 00c9b3f0
// 同步 ID: 711e538b @ Tue Jul 28 00:24:14 UTC 2026
// 重构日志: 7802644d
// 重构日志: d0b8eee5
// 同步 ID: c783135d @ Wed Jul 29 12:23:04 UTC 2026
// 重构日志: 2cc6d997
